longfilenamereallylo
longfilenamereallylo


























____________________
[f|A] selection, [do